{"root":{"attributes":{},"registry":{},"relations":{"parentId":null,"childrenIds":["object","connection"],"baseId":null,"inheritorIds":[]},"pointers":{},"_id":"root"},"object":{"attributes":{},"registry":{},"relations":{"parentId":"root","childrenIds":[],"baseId":null,"inheritorIds":["connection"]},"pointers":{},"_id":"object"},"connection":{"attributes":{},"registry":{"isConnection":true},"relations":{"parentId":"root","childrenIds":[],"baseId":"object","inheritorIds":[]},"pointers":{},"_id":"connection"}}